// Vitest Snapshot v1

exports[`<Calendar /> > Check snapshot 1`] = `
<DocumentFragment>
  <div
    class="_container_lmcue_1"
    data-color-mode="dark"
  >
    <header
      class="_header_lmcue_18"
    >
      <header
        class="_header_1yhnh_1"
      >
        <div
          class="_appName_1yhnh_7"
        >
          <a
            class="_title_1045q_1"
            title="retour à l'accueil"
          >
            Njörd
          </a>
        </div>
        <div
          class="_appName_1yhnh_7"
        >
          <div
            class="_count_snjyq_1"
          >
            -- Dr.
          </div>
          <a
            class="_container_1ssp7_1"
            data-active="false"
          >
            <span
              style="box-sizing: border-box; display: inline-block; overflow: hidden; background: none; opacity: 1; border: 0px; margin: 0px; padding: 0px; position: relative; max-width: 100%;"
            >
              <span
                style="box-sizing: border-box; display: block; background: none; opacity: 1; border: 0px; margin: 0px; padding: 0px; max-width: 100%;"
              >
                <img
                  alt=""
                  aria-hidden="true"
                  src="data:image/svg+xml,%3csvg%20xmlns=%27http://www.w3.org/2000/svg%27%20version=%271.1%27%20width=%2720%27%20height=%2720%27/%3e"
                  style="display: block; max-width: 100%; background: none; opacity: 1; border: 0px; margin: 0px; padding: 0px;"
                />
              </span>
              <img
                alt="clôche"
                class="_bell_1ssp7_11"
                data-nimg="intrinsic"
                decoding="async"
                src="data:image/gif;base64,R0lGODlhAQABAIAAAAAAAP///yH5BAEAAAAALAAAAAABAAEAAAIBRAA7"
                style="position: absolute; top: 0px; left: 0px; bottom: 0px; right: 0px; box-sizing: border-box; padding: 0px; margin: auto; display: block; width: 0px; height: 0px; min-width: 100%; max-width: 100%; min-height: 100%; max-height: 100%;"
              />
              <noscript />
            </span>
          </a>
          <div
            class="_container_1cugo_1"
          >
            <div
              class="_avatar_1cugo_12"
              data-ignore="true"
              data-testid="avatar"
            >
              <span
                style="box-sizing: border-box; display: inline-block; overflow: hidden; background: none; opacity: 1; border: 0px; margin: 0px; padding: 0px; position: relative; max-width: 100%;"
              >
                <span
                  style="box-sizing: border-box; display: block; background: none; opacity: 1; border: 0px; margin: 0px; padding: 0px; max-width: 100%;"
                >
                  <img
                    alt=""
                    aria-hidden="true"
                    src="data:image/svg+xml,%3csvg%20xmlns=%27http://www.w3.org/2000/svg%27%20version=%271.1%27%20width=%2730%27%20height=%2730%27/%3e"
                    style="display: block; max-width: 100%; background: none; opacity: 1; border: 0px; margin: 0px; padding: 0px;"
                  />
                </span>
                <img
                  alt="profil"
                  data-nimg="intrinsic"
                  decoding="async"
                  src="data:image/gif;base64,R0lGODlhAQABAIAAAAAAAP///yH5BAEAAAAALAAAAAABAAEAAAIBRAA7"
                  style="position: absolute; top: 0px; left: 0px; bottom: 0px; right: 0px; box-sizing: border-box; padding: 0px; margin: auto; display: block; width: 0px; height: 0px; min-width: 100%; max-width: 100%; min-height: 100%; max-height: 100%;"
                />
                <noscript />
              </span>
            </div>
          </div>
        </div>
      </header>
      <div
        class="Toastify"
      />
    </header>
    <div
      class="_menu_lmcue_22"
    >
      <nav
        class="_container_vaf4v_1"
      >
        <a
          class="_link_vaf4v_12"
          data-current="true"
        >
          <span
            style="box-sizing: border-box; display: inline-block; overflow: hidden; background: none; opacity: 1; border: 0px; margin: 0px; padding: 0px; position: relative; max-width: 100%;"
          >
            <span
              style="box-sizing: border-box; display: block; background: none; opacity: 1; border: 0px; margin: 0px; padding: 0px; max-width: 100%;"
            >
              <img
                alt=""
                aria-hidden="true"
                src="data:image/svg+xml,%3csvg%20xmlns=%27http://www.w3.org/2000/svg%27%20version=%271.1%27%20width=%2715%27%20height=%2715%27/%3e"
                style="display: block; max-width: 100%; background: none; opacity: 1; border: 0px; margin: 0px; padding: 0px;"
              />
            </span>
            <img
              alt="Accueil"
              data-nimg="intrinsic"
              decoding="async"
              src="data:image/gif;base64,R0lGODlhAQABAIAAAAAAAP///yH5BAEAAAAALAAAAAABAAEAAAIBRAA7"
              style="position: absolute; top: 0px; left: 0px; bottom: 0px; right: 0px; box-sizing: border-box; padding: 0px; margin: auto; display: block; width: 0px; height: 0px; min-width: 100%; max-width: 100%; min-height: 100%; max-height: 100%;"
            />
            <noscript />
          </span>
          <div>
            Accueil
          </div>
        </a>
        <a
          class="_link_vaf4v_12"
          data-current="false"
        >
          <span
            style="box-sizing: border-box; display: inline-block; overflow: hidden; background: none; opacity: 1; border: 0px; margin: 0px; padding: 0px; position: relative; max-width: 100%;"
          >
            <span
              style="box-sizing: border-box; display: block; background: none; opacity: 1; border: 0px; margin: 0px; padding: 0px; max-width: 100%;"
            >
              <img
                alt=""
                aria-hidden="true"
                src="data:image/svg+xml,%3csvg%20xmlns=%27http://www.w3.org/2000/svg%27%20version=%271.1%27%20width=%2715%27%20height=%2715%27/%3e"
                style="display: block; max-width: 100%; background: none; opacity: 1; border: 0px; margin: 0px; padding: 0px;"
              />
            </span>
            <img
              alt="Calendrier"
              data-nimg="intrinsic"
              decoding="async"
              src="data:image/gif;base64,R0lGODlhAQABAIAAAAAAAP///yH5BAEAAAAALAAAAAABAAEAAAIBRAA7"
              style="position: absolute; top: 0px; left: 0px; bottom: 0px; right: 0px; box-sizing: border-box; padding: 0px; margin: auto; display: block; width: 0px; height: 0px; min-width: 100%; max-width: 100%; min-height: 100%; max-height: 100%;"
            />
            <noscript />
          </span>
          <div>
            Calendrier
          </div>
        </a>
        <a
          class="_link_vaf4v_12"
          data-current="false"
        >
          <span
            style="box-sizing: border-box; display: inline-block; overflow: hidden; background: none; opacity: 1; border: 0px; margin: 0px; padding: 0px; position: relative; max-width: 100%;"
          >
            <span
              style="box-sizing: border-box; display: block; background: none; opacity: 1; border: 0px; margin: 0px; padding: 0px; max-width: 100%;"
            >
              <img
                alt=""
                aria-hidden="true"
                src="data:image/svg+xml,%3csvg%20xmlns=%27http://www.w3.org/2000/svg%27%20version=%271.1%27%20width=%2715%27%20height=%2715%27/%3e"
                style="display: block; max-width: 100%; background: none; opacity: 1; border: 0px; margin: 0px; padding: 0px;"
              />
            </span>
            <img
              alt="Ma league"
              data-nimg="intrinsic"
              decoding="async"
              src="data:image/gif;base64,R0lGODlhAQABAIAAAAAAAP///yH5BAEAAAAALAAAAAABAAEAAAIBRAA7"
              style="position: absolute; top: 0px; left: 0px; bottom: 0px; right: 0px; box-sizing: border-box; padding: 0px; margin: auto; display: block; width: 0px; height: 0px; min-width: 100%; max-width: 100%; min-height: 100%; max-height: 100%;"
            />
            <noscript />
          </span>
          <div>
            Ma league
          </div>
        </a>
        <a
          class="_link_vaf4v_12"
          data-current="false"
        >
          <span
            style="box-sizing: border-box; display: inline-block; overflow: hidden; background: none; opacity: 1; border: 0px; margin: 0px; padding: 0px; position: relative; max-width: 100%;"
          >
            <span
              style="box-sizing: border-box; display: block; background: none; opacity: 1; border: 0px; margin: 0px; padding: 0px; max-width: 100%;"
            >
              <img
                alt=""
                aria-hidden="true"
                src="data:image/svg+xml,%3csvg%20xmlns=%27http://www.w3.org/2000/svg%27%20version=%271.1%27%20width=%2715%27%20height=%2715%27/%3e"
                style="display: block; max-width: 100%; background: none; opacity: 1; border: 0px; margin: 0px; padding: 0px;"
              />
            </span>
            <img
              alt="Mes équipes"
              data-nimg="intrinsic"
              decoding="async"
              src="data:image/gif;base64,R0lGODlhAQABAIAAAAAAAP///yH5BAEAAAAALAAAAAABAAEAAAIBRAA7"
              style="position: absolute; top: 0px; left: 0px; bottom: 0px; right: 0px; box-sizing: border-box; padding: 0px; margin: auto; display: block; width: 0px; height: 0px; min-width: 100%; max-width: 100%; min-height: 100%; max-height: 100%;"
            />
            <noscript />
          </span>
          <div>
            Mes équipes
          </div>
        </a>
        <a
          class="_link_vaf4v_12"
          data-current="false"
        >
          <span
            style="box-sizing: border-box; display: inline-block; overflow: hidden; background: none; opacity: 1; border: 0px; margin: 0px; padding: 0px; position: relative; max-width: 100%;"
          >
            <span
              style="box-sizing: border-box; display: block; background: none; opacity: 1; border: 0px; margin: 0px; padding: 0px; max-width: 100%;"
            >
              <img
                alt=""
                aria-hidden="true"
                src="data:image/svg+xml,%3csvg%20xmlns=%27http://www.w3.org/2000/svg%27%20version=%271.1%27%20width=%2715%27%20height=%2715%27/%3e"
                style="display: block; max-width: 100%; background: none; opacity: 1; border: 0px; margin: 0px; padding: 0px;"
              />
            </span>
            <img
              alt="Mes adresses"
              data-nimg="intrinsic"
              decoding="async"
              src="data:image/gif;base64,R0lGODlhAQABAIAAAAAAAP///yH5BAEAAAAALAAAAAABAAEAAAIBRAA7"
              style="position: absolute; top: 0px; left: 0px; bottom: 0px; right: 0px; box-sizing: border-box; padding: 0px; margin: auto; display: block; width: 0px; height: 0px; min-width: 100%; max-width: 100%; min-height: 100%; max-height: 100%;"
            />
            <noscript />
          </span>
          <div>
            Mes adresses
          </div>
        </a>
        <a
          class="_link_vaf4v_12"
          data-current="false"
        >
          <span
            style="box-sizing: border-box; display: inline-block; overflow: hidden; background: none; opacity: 1; border: 0px; margin: 0px; padding: 0px; position: relative; max-width: 100%;"
          >
            <span
              style="box-sizing: border-box; display: block; background: none; opacity: 1; border: 0px; margin: 0px; padding: 0px; max-width: 100%;"
            >
              <img
                alt=""
                aria-hidden="true"
                src="data:image/svg+xml,%3csvg%20xmlns=%27http://www.w3.org/2000/svg%27%20version=%271.1%27%20width=%2715%27%20height=%2715%27/%3e"
                style="display: block; max-width: 100%; background: none; opacity: 1; border: 0px; margin: 0px; padding: 0px;"
              />
            </span>
            <img
              alt="Mon inventaire"
              data-nimg="intrinsic"
              decoding="async"
              src="data:image/gif;base64,R0lGODlhAQABAIAAAAAAAP///yH5BAEAAAAALAAAAAABAAEAAAIBRAA7"
              style="position: absolute; top: 0px; left: 0px; bottom: 0px; right: 0px; box-sizing: border-box; padding: 0px; margin: auto; display: block; width: 0px; height: 0px; min-width: 100%; max-width: 100%; min-height: 100%; max-height: 100%;"
            />
            <noscript />
          </span>
          <div>
            Mon inventaire
          </div>
        </a>
      </nav>
    </div>
    <main
      class="_main_lmcue_12"
    >
      <div
        class="_box_lmcue_31"
      >
        <div
          class="_container_1eub2_1"
        >
          <h1
            class="_title_1eub2_9"
          >
            août 2022
          </h1>
          <div
            class="_calendar_1eub2_13"
            data-ismobile="false"
          >
            <div
              class="_header_1eub2_19"
            >
              lundi
            </div>
            <div
              class="_header_1eub2_19"
            >
              mardi
            </div>
            <div
              class="_header_1eub2_19"
            >
              mercredi
            </div>
            <div
              class="_header_1eub2_19"
            >
              jeudi
            </div>
            <div
              class="_header_1eub2_19"
            >
              vendredi
            </div>
            <div
              class="_header_1eub2_19"
            >
              samedi
            </div>
            <div
              class="_header_1eub2_19"
            >
              dimanche
            </div>
            <div
              class="_day_cib0g_2"
              data-currentmonth="false"
            >
              <div
                class="_dayNum_cib0g_21"
                data-today="false"
              >
                1
              </div>
            </div>
            <div
              class="_day_cib0g_2"
              data-currentmonth="false"
            >
              <div
                class="_dayNum_cib0g_21"
                data-today="false"
              >
                2
              </div>
            </div>
            <div
              class="_day_cib0g_2"
              data-currentmonth="false"
            >
              <div
                class="_dayNum_cib0g_21"
                data-today="false"
              >
                3
              </div>
            </div>
            <div
              class="_day_cib0g_2"
              data-currentmonth="false"
            >
              <div
                class="_dayNum_cib0g_21"
                data-today="false"
              >
                4
              </div>
            </div>
            <div
              class="_day_cib0g_2"
              data-currentmonth="false"
            >
              <div
                class="_dayNum_cib0g_21"
                data-today="false"
              >
                5
              </div>
            </div>
            <div
              class="_day_cib0g_2"
              data-currentmonth="false"
            >
              <div
                class="_dayNum_cib0g_21"
                data-today="false"
              >
                6
              </div>
            </div>
            <div
              class="_day_cib0g_2"
              data-currentmonth="false"
            >
              <div
                class="_dayNum_cib0g_21"
                data-today="true"
              >
                7
              </div>
            </div>
            <div
              class="_day_cib0g_2"
              data-currentmonth="false"
            >
              <div
                class="_dayNum_cib0g_21"
                data-today="false"
              >
                8
              </div>
            </div>
            <div
              class="_day_cib0g_2"
              data-currentmonth="false"
            >
              <div
                class="_dayNum_cib0g_21"
                data-today="false"
              >
                9
              </div>
            </div>
            <div
              class="_day_cib0g_2"
              data-currentmonth="false"
            >
              <div
                class="_dayNum_cib0g_21"
                data-today="false"
              >
                10
              </div>
            </div>
            <div
              class="_day_cib0g_2"
              data-currentmonth="false"
            >
              <div
                class="_dayNum_cib0g_21"
                data-today="false"
              >
                11
              </div>
            </div>
            <div
              class="_day_cib0g_2"
              data-currentmonth="false"
            >
              <div
                class="_dayNum_cib0g_21"
                data-today="false"
              >
                12
              </div>
            </div>
            <div
              class="_day_cib0g_2"
              data-currentmonth="false"
            >
              <div
                class="_dayNum_cib0g_21"
                data-today="false"
              >
                13
              </div>
            </div>
            <div
              class="_day_cib0g_2"
              data-currentmonth="false"
            >
              <div
                class="_dayNum_cib0g_21"
                data-today="false"
              >
                14
              </div>
            </div>
            <div
              class="_day_cib0g_2"
              data-currentmonth="false"
            >
              <div
                class="_dayNum_cib0g_21"
                data-today="false"
              >
                15
              </div>
            </div>
            <div
              class="_day_cib0g_2"
              data-currentmonth="false"
            >
              <div
                class="_dayNum_cib0g_21"
                data-today="false"
              >
                16
              </div>
            </div>
            <div
              class="_day_cib0g_2"
              data-currentmonth="false"
            >
              <div
                class="_dayNum_cib0g_21"
                data-today="false"
              >
                17
              </div>
            </div>
            <div
              class="_day_cib0g_2"
              data-currentmonth="false"
            >
              <div
                class="_dayNum_cib0g_21"
                data-today="false"
              >
                18
              </div>
            </div>
            <div
              class="_day_cib0g_2"
              data-currentmonth="false"
            >
              <div
                class="_dayNum_cib0g_21"
                data-today="false"
              >
                19
              </div>
            </div>
            <div
              class="_day_cib0g_2"
              data-currentmonth="false"
            >
              <div
                class="_dayNum_cib0g_21"
                data-today="false"
              >
                20
              </div>
            </div>
            <div
              class="_day_cib0g_2"
              data-currentmonth="false"
            >
              <div
                class="_dayNum_cib0g_21"
                data-today="false"
              >
                21
              </div>
            </div>
            <div
              class="_day_cib0g_2"
              data-currentmonth="false"
            >
              <div
                class="_dayNum_cib0g_21"
                data-today="false"
              >
                22
              </div>
            </div>
            <div
              class="_day_cib0g_2"
              data-currentmonth="false"
            >
              <div
                class="_dayNum_cib0g_21"
                data-today="false"
              >
                23
              </div>
            </div>
            <div
              class="_day_cib0g_2"
              data-currentmonth="false"
            >
              <div
                class="_dayNum_cib0g_21"
                data-today="false"
              >
                24
              </div>
            </div>
            <div
              class="_day_cib0g_2"
              data-currentmonth="false"
            >
              <div
                class="_dayNum_cib0g_21"
                data-today="false"
              >
                25
              </div>
            </div>
            <div
              class="_day_cib0g_2"
              data-currentmonth="false"
            >
              <div
                class="_dayNum_cib0g_21"
                data-today="false"
              >
                26
              </div>
            </div>
            <div
              class="_day_cib0g_2"
              data-currentmonth="false"
            >
              <div
                class="_dayNum_cib0g_21"
                data-today="false"
              >
                27
              </div>
            </div>
            <div
              class="_day_cib0g_2"
              data-currentmonth="false"
            >
              <div
                class="_dayNum_cib0g_21"
                data-today="false"
              >
                28
              </div>
            </div>
            <div
              class="_day_cib0g_2"
              data-currentmonth="false"
            >
              <div
                class="_dayNum_cib0g_21"
                data-today="false"
              >
                29
              </div>
            </div>
            <div
              class="_day_cib0g_2"
              data-currentmonth="false"
            >
              <div
                class="_dayNum_cib0g_21"
                data-today="false"
              >
                30
              </div>
            </div>
            <div
              class="_day_cib0g_2"
              data-currentmonth="false"
            >
              <div
                class="_dayNum_cib0g_21"
                data-today="false"
              >
                31
              </div>
            </div>
            <div
              class="_day_cib0g_2"
              data-currentmonth="false"
            >
              <div
                class="_dayNum_cib0g_21"
                data-today="false"
              >
                1
              </div>
            </div>
            <div
              class="_day_cib0g_2"
              data-currentmonth="false"
            >
              <div
                class="_dayNum_cib0g_21"
                data-today="false"
              >
                2
              </div>
            </div>
            <div
              class="_day_cib0g_2"
              data-currentmonth="false"
            >
              <div
                class="_dayNum_cib0g_21"
                data-today="false"
              >
                3
              </div>
            </div>
            <div
              class="_day_cib0g_2"
              data-currentmonth="false"
            >
              <div
                class="_dayNum_cib0g_21"
                data-today="false"
              >
                4
              </div>
            </div>
          </div>
          <div
            class="_buttons_1eub2_29"
          >
            <button>
              précedent
            </button>
            <button>
              suivant
            </button>
          </div>
        </div>
      </div>
    </main>
  </div>
</DocumentFragment>
`;
